[0;40;30m[41C[1m‹  ‹
[25C‹‹  ‹‹   ‹‹    ‹€  ‹  ‹€‹   ‹‹
[24C€    € ﬂ  €‹€  € €  €   €   €‹‹
[24Cﬂ‹‹  €    ﬂ‹‹  €‹€  €   €   ‹‹ﬂ
[16C[0mﬂﬂﬂﬂﬂﬂﬂﬂﬂﬂﬂﬂﬂﬂﬂﬂﬂﬂﬂﬂﬂﬂﬂﬂﬂﬂﬂﬂﬂﬂﬂﬂﬂﬂﬂﬂﬂﬂﬂﬂﬂﬂﬂﬂﬂﬂﬂ

[26C[1mDOUBLES for Synchronet BBS

[26C[0mImplemented by Josh Renaud

[18C[1;30mDOUBLES is an adaptation of the game "2048"
[26Cby Sami "Saming" Romdhana
